2026-09-20T23:22:29.838018Z  INFO herdr::logging: herdr starting event="app.startup" subsystem="client" outcome="started" pid=2442
2026-09-20T23:22:29.838069Z  INFO herdr::client: connecting to server path=/Users/subrat.shrestha/.config/herdr/herdr-client.sock
2026-09-20T23:22:30.080125Z  INFO herdr::client::handshake: endpoint handshake succeeded generation=1 server_version=0.9.1
2026-09-20T23:23:34.945494Z  WARN herdr::raw_input: flushing lone escape after input timeout; if this follows an alt chord or focus switch it may reach the pane as plain esc bytes=[27]
2026-09-20T23:23:34.945758Z  WARN herdr::raw_input: flushing lone escape after input timeout; if this follows an alt chord or focus switch it may reach the pane as plain esc bytes=[27]
2026-09-20T23:29:39.440010Z  WARN herdr::raw_input: flushing lone escape after input timeout; if this follows an alt chord or focus switch it may reach the pane as plain esc bytes=[27]
2026-09-20T23:29:39.440113Z  WARN herdr::raw_input: flushing lone escape after input timeout; if this follows an alt chord or focus switch it may reach the pane as plain esc bytes=[27]
2026-09-20T23:29:39.618665Z  WARN herdr::raw_input: flushing lone escape after input timeout; if this follows an alt chord or focus switch it may reach the pane as plain esc bytes=[27]
2026-09-20T23:29:39.618789Z  WARN herdr::raw_input: flushing lone escape after input timeout; if this follows an alt chord or focus switch it may reach the pane as plain esc bytes=[27]
2026-09-20T23:29:39.776536Z  WARN herdr::raw_input: flushing lone escape after input timeout; if this follows an alt chord or focus switch it may reach the pane as plain esc bytes=[27]
2026-09-20T23:29:39.776685Z  WARN herdr::raw_input: flushing lone escape after input timeout; if this follows an alt chord or focus switch it may reach the pane as plain esc bytes=[27]
2026-09-20T23:56:30.573351Z  INFO herdr::logging: herdr exiting event="app.shutdown" subsystem="client" outcome="completed" pid=2442
2026-09-20T23:56:33.712304Z  INFO herdr::logging: herdr starting event="app.startup" subsystem="client" outcome="started" pid=3881
2026-09-20T23:56:33.712391Z  INFO herdr::client: connecting to server path=/Users/subrat.shrestha/.config/herdr/herdr-client.sock
2026-09-20T23:56:33.848911Z  INFO herdr::client::handshake: endpoint handshake succeeded generation=1 server_version=0.9.1
2026-09-20T23:56:50.288080Z  INFO herdr::logging: herdr exiting event="app.shutdown" subsystem="client" outcome="completed" pid=3881
2026-09-20T23:57:02.145043Z  INFO herdr::logging: herdr starting event="app.startup" subsystem="client" outcome="started" pid=3888
2026-09-20T23:57:02.145128Z  INFO herdr::client: connecting to server path=/Users/subrat.shrestha/.config/herdr/herdr-client.sock
2026-09-20T23:57:02.381531Z  INFO herdr::client::handshake: endpoint handshake succeeded generation=1 server_version=0.9.1
2026-09-20T23:58:09.993244Z  WARN herdr::raw_input: flushing lone escape after input timeout; if this follows an alt chord or focus switch it may reach the pane as plain esc bytes=[27]
2026-09-20T23:58:09.993413Z  WARN herdr::raw_input: flushing lone escape after input timeout; if this follows an alt chord or focus switch it may reach the pane as plain esc bytes=[27]
2026-09-20T23:58:10.152186Z  WARN herdr::raw_input: flushing lone escape after input timeout; if this follows an alt chord or focus switch it may reach the pane as plain esc bytes=[27]
2026-09-20T23:58:10.152314Z  WARN herdr::raw_input: flushing lone escape after input timeout; if this follows an alt chord or focus switch it may reach the pane as plain esc bytes=[27]
2026-09-20T23:58:10.319751Z  WARN herdr::raw_input: flushing lone escape after input timeout; if this follows an alt chord or focus switch it may reach the pane as plain esc bytes=[27]
2026-09-20T23:58:10.319888Z  WARN herdr::raw_input: flushing lone escape after input timeout; if this follows an alt chord or focus switch it may reach the pane as plain esc bytes=[27]
2026-09-20T23:58:11.398770Z  INFO herdr::logging: herdr exiting event="app.shutdown" subsystem="client" outcome="completed" pid=3888
2026-09-20T23:58:14.621863Z  INFO herdr::logging: herdr starting event="app.startup" subsystem="client" outcome="started" pid=4100
2026-09-20T23:58:14.621941Z  INFO herdr::client: connecting to server path=/Users/subrat.shrestha/.config/herdr/herdr-client.sock
2026-09-20T23:58:14.672577Z  INFO herdr::client::handshake: endpoint handshake succeeded generation=1 server_version=0.9.1
2026-09-20T23:58:18.141649Z  WARN herdr::raw_input: flushing lone escape after input timeout; if this follows an alt chord or focus switch it may reach the pane as plain esc bytes=[27]
2026-09-20T23:58:18.141811Z  WARN herdr::raw_input: flushing lone escape after input timeout; if this follows an alt chord or focus switch it may reach the pane as plain esc bytes=[27]
2026-09-20T23:58:18.560153Z  WARN herdr::raw_input: flushing lone escape after input timeout; if this follows an alt chord or focus switch it may reach the pane as plain esc bytes=[27]
2026-09-20T23:58:18.560289Z  WARN herdr::raw_input: flushing lone escape after input timeout; if this follows an alt chord or focus switch it may reach the pane as plain esc bytes=[27]
2026-09-20T23:58:26.824539Z  INFO herdr::logging: herdr exiting event="app.shutdown" subsystem="client" outcome="completed" pid=4100
2026-09-20T23:58:29.608288Z  INFO herdr::logging: herdr starting event="app.startup" subsystem="client" outcome="started" pid=4130
2026-09-20T23:58:29.608364Z  INFO herdr::client: connecting to server path=/Users/subrat.shrestha/.config/herdr/herdr-client.sock
2026-09-20T23:58:29.797461Z  INFO herdr::client::handshake: endpoint handshake succeeded generation=1 server_version=0.9.1
2026-09-21T03:06:33.602063Z  WARN herdr::raw_input: flushing lone escape after input timeout; if this follows an alt chord or focus switch it may reach the pane as plain esc bytes=[27]
2026-09-21T03:06:33.602235Z  WARN herdr::raw_input: flushing lone escape after input timeout; if this follows an alt chord or focus switch it may reach the pane as plain esc bytes=[27]
2026-09-21T03:06:34.048958Z  WARN herdr::raw_input: flushing lone escape after input timeout; if this follows an alt chord or focus switch it may reach the pane as plain esc bytes=[27]
2026-09-21T03:06:34.049106Z  WARN herdr::raw_input: flushing lone escape after input timeout; if this follows an alt chord or focus switch it may reach the pane as plain esc bytes=[27]
2026-09-21T03:06:35.720647Z  WARN herdr::raw_input: flushing lone escape after input timeout; if this follows an alt chord or focus switch it may reach the pane as plain esc bytes=[27]
2026-09-21T03:06:35.720769Z  WARN herdr::raw_input: flushing lone escape after input timeout; if this follows an alt chord or focus switch it may reach the pane as plain esc bytes=[27]
2026-09-21T03:06:36.565938Z  WARN herdr::raw_input: flushing lone escape after input timeout; if this follows an alt chord or focus switch it may reach the pane as plain esc bytes=[27]
2026-09-21T03:06:36.566074Z  WARN herdr::raw_input: flushing lone escape after input timeout; if this follows an alt chord or focus switch it may reach the pane as plain esc bytes=[27]
2026-09-21T03:08:24.343218Z  WARN herdr::raw_input: flushing lone escape after input timeout; if this follows an alt chord or focus switch it may reach the pane as plain esc bytes=[27]
2026-09-21T03:08:24.343374Z  WARN herdr::raw_input: flushing lone escape after input timeout; if this follows an alt chord or focus switch it may reach the pane as plain esc bytes=[27]
2026-09-21T03:08:24.560261Z  WARN herdr::raw_input: flushing lone escape after input timeout; if this follows an alt chord or focus switch it may reach the pane as plain esc bytes=[27]
2026-09-21T03:08:24.560297Z  WARN herdr::raw_input: flushing lone escape after input timeout; if this follows an alt chord or focus switch it may reach the pane as plain esc bytes=[27]
2026-09-21T03:08:54.137507Z  WARN herdr::raw_input: flushing lone escape after input timeout; if this follows an alt chord or focus switch it may reach the pane as plain esc bytes=[27]
2026-09-21T03:08:54.137620Z  WARN herdr::raw_input: flushing lone escape after input timeout; if this follows an alt chord or focus switch it may reach the pane as plain esc bytes=[27]
2026-09-21T03:18:49.163037Z  INFO herdr::logging: herdr exiting event="app.shutdown" subsystem="client" outcome="completed" pid=4130
2026-09-21T03:18:54.266378Z  INFO herdr::logging: herdr starting event="app.startup" subsystem="client" outcome="started" pid=15821
2026-09-21T03:18:54.266440Z  INFO herdr::client: connecting to server path=/Users/subrat.shrestha/.config/herdr/herdr-client.sock
2026-09-21T03:18:54.451453Z  INFO herdr::client::handshake: endpoint handshake succeeded generation=1 server_version=0.9.1
2026-09-21T03:24:21.191592Z  WARN herdr::raw_input: flushing lone escape after input timeout; if this follows an alt chord or focus switch it may reach the pane as plain esc bytes=[27]
2026-09-21T03:24:21.191782Z  WARN herdr::raw_input: flushing lone escape after input timeout; if this follows an alt chord or focus switch it may reach the pane as plain esc bytes=[27]
2026-09-21T03:24:21.530884Z  WARN herdr::raw_input: flushing lone escape after input timeout; if this follows an alt chord or focus switch it may reach the pane as plain esc bytes=[27]
2026-09-21T03:24:21.531045Z  WARN herdr::raw_input: flushing lone escape after input timeout; if this follows an alt chord or focus switch it may reach the pane as plain esc bytes=[27]
2026-09-21T03:24:37.021356Z  WARN herdr::raw_input: flushing lone escape after input timeout; if this follows an alt chord or focus switch it may reach the pane as plain esc bytes=[27]
2026-09-21T03:24:37.021512Z  WARN herdr::raw_input: flushing lone escape after input timeout; if this follows an alt chord or focus switch it may reach the pane as plain esc bytes=[27]
2026-09-21T03:24:37.342732Z  WARN herdr::raw_input: flushing lone escape after input timeout; if this follows an alt chord or focus switch it may reach the pane as plain esc bytes=[27]
2026-09-21T03:24:37.342938Z  WARN herdr::raw_input: flushing lone escape after input timeout; if this follows an alt chord or focus switch it may reach the pane as plain esc bytes=[27]
2026-09-21T03:33:49.698794Z  WARN herdr::raw_input: flushing lone escape after input timeout; if this follows an alt chord or focus switch it may reach the pane as plain esc bytes=[27]
2026-09-21T03:33:49.698941Z  WARN herdr::raw_input: flushing lone escape after input timeout; if this follows an alt chord or focus switch it may reach the pane as plain esc bytes=[27]
2026-09-21T03:52:03.874128Z  WARN herdr::raw_input: flushing lone escape after input timeout; if this follows an alt chord or focus switch it may reach the pane as plain esc bytes=[27]
2026-09-21T03:52:03.874298Z  WARN herdr::raw_input: flushing lone escape after input timeout; if this follows an alt chord or focus switch it may reach the pane as plain esc bytes=[27]
2026-09-21T04:06:27.639679Z  INFO herdr::logging: herdr starting event="app.startup" subsystem="client" outcome="started" pid=20689
2026-09-21T04:06:27.639781Z  INFO herdr::client: connecting to server path=/Users/subrat.shrestha/.config/herdr/herdr-client.sock
2026-09-21T04:06:27.722282Z  INFO herdr::client::handshake: endpoint handshake succeeded generation=1 server_version=0.9.1
2026-09-21T04:06:43.167953Z  INFO herdr::logging: herdr exiting event="app.shutdown" subsystem="client" outcome="completed" pid=20689
2026-09-21T04:16:11.953865Z  INFO herdr::logging: herdr starting event="app.startup" subsystem="client" outcome="started" pid=21313
2026-09-21T04:16:11.953942Z  INFO herdr::client: connecting to server path=/Users/subrat.shrestha/.config/herdr/herdr-client.sock
2026-09-21T04:16:12.058344Z  INFO herdr::client::handshake: endpoint handshake succeeded generation=1 server_version=0.9.1
2026-09-21T05:55:37.723525Z  INFO herdr::logging: herdr exiting event="app.shutdown" subsystem="client" outcome="completed" pid=15821
2026-09-22T02:08:15.698827Z  INFO herdr::logging: herdr exiting event="app.shutdown" subsystem="client" outcome="completed" pid=21313
2026-09-22T02:08:18.118770Z  INFO herdr::logging: herdr starting event="app.startup" subsystem="client" outcome="started" pid=61863
2026-09-22T02:08:18.118875Z  INFO herdr::client: connecting to server path=/Users/subrat.shrestha/.config/herdr/herdr-client.sock
2026-09-22T02:08:18.150036Z  INFO herdr::client::handshake: endpoint handshake succeeded generation=1 server_version=0.9.1
2026-09-26T08:00:24.892248Z  INFO herdr::logging: herdr exiting event="app.shutdown" subsystem="client" outcome="completed" pid=61863
2026-09-28T00:05:28.688811Z  INFO herdr::logging: herdr starting event="app.startup" subsystem="client" outcome="started" pid=7152
2026-09-28T00:05:28.689020Z  INFO herdr::client: connecting to server path=/Users/subrat.shrestha/.config/herdr/herdr-client.sock
2026-09-28T00:05:28.893425Z  INFO herdr::client::handshake: endpoint handshake succeeded generation=1 server_version=0.9.1
2026-09-28T04:29:42.409485Z  INFO herdr::logging: herdr starting event="app.startup" subsystem="client" outcome="started" pid=2841
2026-09-28T04:29:42.409649Z  INFO herdr::client: connecting to server path=/Users/subrat.shrestha/.config/herdr/herdr-client.sock
2026-09-28T04:29:42.616673Z  INFO herdr::client::handshake: endpoint handshake succeeded generation=1 server_version=0.9.1
2026-09-30T19:04:50.312218Z  WARN herdr::sound: sound playback failed sound=Done err=player exited with exit status: 1: Error: AudioQueueStart failed (-66681)
